// Jest Snapshot v1, https://goo.gl/fbAQLP

exports[`NoCoursesView snapshot 1`] = `
<div
  className="tw:flex tw:flex-col tw:items-center tw:justify-center tw:border tw:border-gray-200 tw:rounded-lg tw:py-32 tw:px-6 tw:bg-no-repeat tw:bg-center"
  style={
    {
      "backgroundImage": "url(icon/mock/path)",
      "backgroundSize": "340px",
    }
  }
>
  <h2
    className="tw:text-xl tw:font-bold tw:text-secondary tw:mb-4"
  >
    Complete First Your Courses
  </h2>
  <a
    className="explore-courses-cta tw:text-white tw:px-6 tw:py-2 tw:rounded tw:text-sm tw:font-semibold tw:no-underline"
    href="http://localhost:18000/course-search-url"
  >
    Explore Courses
  </a>
</div>
`;
