// Jest Snapshot v1, https://goo.gl/fbAQLP

exports[`CourseCard matches snapshot with required props 1`] = `
<DocumentFragment>
  <a
    class="tw:block tw:no-underline tw:bg-white tw:rounded-[12px] tw:overflow-hidden tw:shadow-[0_1px_3px_rgba(0,0,0,0.08),0_1px_2px_rgba(0,0,0,0.06)] tw:hover:shadow-[0_4px_12px_rgba(0,0,0,0.12)] tw:hover:-translate-y-0.5 tw:transition tw:duration-200"
    href="#"
  >
    <div
      class="tw:relative tw:w-full tw:h-[170px] tw:overflow-hidden"
    >
      <img
        alt="Test Course"
        class="tw:w-full tw:h-full tw:object-cover tw:object-center"
        src="https://example.com/image.png"
        style="clip-path: polygon(0 0, 100% 0, 100% 60%, 0 100%);"
      />
      <span
        class="tw:absolute tw:top-3 tw:left-3 tw:z-[2] tw:px-3 tw:py-1 tw:rounded-full tw:text-white tw:text-[13px]/[1.3] tw:font-bold tw:whitespace-nowrap tw:shadow-[0_1px_3px_rgba(0,0,0,0.25)] tw:bg-[#12805C]"
      >
        $28
      </span>
    </div>
    <div
      class="tw:p-4"
    >
      <h3
        class="tw:text-center tw:text-[18px]/[24px] tw:font-bold tw:text-[#6255A1] tw:m-0 tw:line-clamp-2"
      >
        Test Course
      </h3>
      <p
        class="tw:text-[13px]/[18px] tw:text-[#6B7280] tw:mb-3 tw:line-clamp-2"
      >
        A sample course description.
      </p>
      <div
        class="tw:flex tw:items-center tw:gap-2 tw:mb-2.5 tw:text-[13px] tw:text-[#6B7280]"
      >
        <span
          class="tw:flex tw:text-[14px]"
        >
          <div
            class="tw:flex tw:space-x-1"
          >
            <button
              aria-label="Rate 1 star"
              class="tw:focus:outline-none tw:bg-transparent"
              disabled=""
              style="padding: 0px; background: none; cursor: default;"
              tabindex="-1"
              title="1"
              type="button"
            >
              <span
                color="#F5A623"
                icon="[object Object]"
              />
            </button>
            <button
              aria-label="Rate 2 stars"
              class="tw:focus:outline-none tw:bg-transparent"
              disabled=""
              style="padding: 0px; background: none; cursor: default;"
              tabindex="-1"
              title="2"
              type="button"
            >
              <span
                color="#F5A623"
                icon="[object Object]"
              />
            </button>
            <button
              aria-label="Rate 3 stars"
              class="tw:focus:outline-none tw:bg-transparent"
              disabled=""
              style="padding: 0px; background: none; cursor: default;"
              tabindex="-1"
              title="3"
              type="button"
            >
              <span
                color="#F5A623"
                icon="[object Object]"
              />
            </button>
            <button
              aria-label="Rate 4 stars"
              class="tw:focus:outline-none tw:bg-transparent"
              disabled=""
              style="padding: 0px; background: none; cursor: default;"
              tabindex="-1"
              title="4"
              type="button"
            >
              <span
                color="#F5A623"
                icon="[object Object]"
              />
            </button>
            <button
              aria-label="Rate 5 stars"
              class="tw:focus:outline-none tw:bg-transparent"
              disabled=""
              style="padding: 0px; background: none; cursor: default;"
              tabindex="-1"
              title="5"
              type="button"
            >
              <span
                color="#F5A623"
                icon="[object Object]"
              />
            </button>
          </div>
        </span>
        <span
          aria-hidden="true"
          class="tw:text-[#D1D5DB]"
        >
          |
        </span>
        <span
          class="tw:whitespace-nowrap"
        >
          4.2 Reviews
        </span>
      </div>
      <div
        class="tw:flex tw:items-center tw:justify-between tw:gap-2 tw:border-t tw:border-[#F3F4F6] tw:pt-2.5"
      >
        <span
          class="tw:text-[12px] tw:text-[#6B7280] tw:bg-[#F3F4F6] tw:rounded tw:px-2 tw:py-0.5 tw:whitespace-nowrap tw:ml-auto"
        >
          Self-Paced
        </span>
      </div>
    </div>
  </a>
</DocumentFragment>
`;
